2026-03-02T21:22:21.416Z INFO  - 8.0_20260115.4.tuxprod Pulling from appsvc/dotnetcore
2026-03-02T21:22:21.448Z INFO  - 8e44f01296e3 Pulling fs layer
2026-03-02T21:22:21.448Z INFO  - 1839f14167bb Pulling fs layer
2026-03-02T21:22:21.448Z INFO  - 5df9ab85f942 Pulling fs layer
2026-03-02T21:22:21.448Z INFO  - 3c6fd82648a9 Pulling fs layer
2026-03-02T21:22:21.448Z INFO  - f7436306daf8 Pulling fs layer
2026-03-02T21:22:21.448Z INFO  - 0af27227f67c Pulling fs layer
2026-03-02T21:22:21.448Z INFO  - 291bf06076f7 Pulling fs layer
2026-03-02T21:22:21.448Z INFO  - f67700692125 Pulling fs layer
2026-03-02T21:22:21.448Z INFO  - f79c4ca4b6cc Pulling fs layer
2026-03-02T21:22:21.508Z INFO  - 3722c1c74e62 Pulling fs layer
2026-03-02T21:22:21.508Z INFO  - 71bdaa4ffb8a Pulling fs layer
2026-03-02T21:22:21.508Z INFO  - da542cee6e98 Pulling fs layer
2026-03-02T21:22:21.508Z INFO  - 4e2ecf3b5226 Pulling fs layer
2026-03-02T21:22:21.508Z INFO  - 84ebb4173df8 Pulling fs layer
2026-03-02T21:22:21.508Z INFO  - 44ae3f74e2fe Pulling fs layer
2026-03-02T21:22:21.508Z INFO  - 194a6d0bfa51 Pulling fs layer
2026-03-02T21:22:21.508Z INFO  - 4f4fb700ef54 Pulling fs layer
2026-03-02T21:22:21.508Z INFO  - bfdc87311970 Pulling fs layer
2026-03-02T21:22:21.508Z INFO  - d400aaf4cc44 Pulling fs layer
2026-03-02T21:22:21.508Z INFO  - 8ebbfed6fb44 Pulling fs layer
2026-03-02T21:22:21.508Z INFO  - 394bf2f8883d Pulling fs layer
2026-03-02T21:22:21.508Z INFO  - b36da0e916e2 Pulling fs layer
2026-03-02T21:22:21.508Z INFO  - ca65aad4858a Pulling fs layer
2026-03-02T21:22:21.508Z INFO  - 12086ac4e888 Pulling fs layer
2026-03-02T21:22:21.508Z INFO  - 43cc945ef4b6 Pulling fs layer
2026-03-02T21:22:21.508Z INFO  - c5c0b99442f8 Pulling fs layer
2026-03-02T21:22:21.508Z INFO  - 56eba6764334 Pulling fs layer
2026-03-02T21:22:21.508Z INFO  - 080c8964ee60 Pulling fs layer
2026-03-02T21:22:21.598Z INFO  - 394bf2f8883d Waiting
2026-03-02T21:22:21.600Z INFO  - b36da0e916e2 Waiting
2026-03-02T21:22:21.600Z INFO  - ca65aad4858a Waiting
2026-03-02T21:22:21.600Z INFO  - 12086ac4e888 Waiting
2026-03-02T21:22:21.600Z INFO  - 43cc945ef4b6 Waiting
2026-03-02T21:22:21.600Z INFO  - c5c0b99442f8 Waiting
2026-03-02T21:22:21.600Z INFO  - 56eba6764334 Waiting
2026-03-02T21:22:21.680Z INFO  - 080c8964ee60 Waiting
2026-03-02T21:22:21.820Z INFO  - d3348af14fdc Pulling fs layer
2026-03-02T21:22:21.841Z INFO  - c505e436da9b Pulling fs layer
2026-03-02T21:22:21.841Z INFO  - 0567c6094ddd Pulling fs layer
2026-03-02T21:22:21.841Z INFO  - b61067cb0514 Pulling fs layer
2026-03-02T21:22:21.841Z INFO  - a79bbcb25c76 Pulling fs layer
2026-03-02T21:22:21.841Z INFO  - 8bef8cec6ff5 Pulling fs layer
2026-03-02T21:22:21.841Z INFO  - eb3a49eac22f Pulling fs layer
2026-03-02T21:22:21.841Z INFO  - 9f64542c6d4f Pulling fs layer
2026-03-02T21:22:21.841Z INFO  - 16c11afca3a1 Pulling fs layer
2026-03-02T21:22:21.858Z INFO  - 2e2af73b10ed Pulling fs layer
2026-03-02T21:22:21.858Z INFO  - d3348af14fdc Waiting
2026-03-02T21:22:21.858Z INFO  - c505e436da9b Waiting
2026-03-02T21:22:21.858Z INFO  - 0567c6094ddd Waiting
2026-03-02T21:22:21.858Z INFO  - b61067cb0514 Waiting
2026-03-02T21:22:21.858Z INFO  - a79bbcb25c76 Waiting
2026-03-02T21:22:21.858Z INFO  - 8bef8cec6ff5 Waiting
2026-03-02T21:22:21.858Z INFO  - eb3a49eac22f Waiting
2026-03-02T21:22:21.858Z INFO  - 9f64542c6d4f Waiting
2026-03-02T21:22:21.858Z INFO  - 16c11afca3a1 Waiting
2026-03-02T21:22:21.858Z INFO  - 2e2af73b10ed Waiting
2026-03-02T21:22:21.950Z INFO  - da542cee6e98 Downloading 35KB / 761KB
2026-03-02T21:22:21.950Z INFO  - 0af27227f67c Downloading 131B / 131B
2026-03-02T21:22:21.950Z INFO  - f67700692125 Downloading 2KB / 2KB
2026-03-02T21:22:21.950Z INFO  - 3722c1c74e62 Downloading 188B / 188B
2026-03-02T21:22:22.062Z INFO  - da542cee6e98 Downloading 67KB / 761KB
2026-03-02T21:22:22.082Z INFO  - 291bf06076f7 Downloading 35KB / 213KB
2026-03-02T21:22:22.082Z INFO  - 1839f14167bb Downloading 39KB / 39KB
2026-03-02T21:22:22.133Z INFO  - 0af27227f67c Verifying Checksum
2026-03-02T21:22:22.150Z INFO  - 0af27227f67c Download complete
2026-03-02T21:22:22.181Z INFO  - f67700692125 Verifying Checksum
2026-03-02T21:22:22.181Z INFO  - f67700692125 Download complete
2026-03-02T21:22:22.181Z INFO  - 3722c1c74e62 Verifying Checksum
2026-03-02T21:22:22.181Z INFO  - 3722c1c74e62 Download complete
2026-03-02T21:22:22.181Z INFO  - 1839f14167bb Verifying Checksum
2026-03-02T21:22:22.181Z INFO  - 1839f14167bb Download complete
2026-03-02T21:22:22.181Z INFO  - f7436306daf8 Downloading 521KB / 60MB
2026-03-02T21:22:22.364Z INFO  - 3c6fd82648a9 Downloading 525KB / 193MB
2026-03-02T21:22:22.623Z INFO  - f79c4ca4b6cc Downloading 216KB / 347KB
2026-03-02T21:22:22.623Z INFO  - 71bdaa4ffb8a Downloading 387KB / 6MB
2026-03-02T21:22:22.623Z INFO  - 291bf06076f7 Downloading 213KB / 213KB
2026-03-02T21:22:22.623Z INFO  - 8ebbfed6fb44 Downloading 847B / 847B
2026-03-02T21:22:22.623Z INFO  - 194a6d0bfa51 Downloading 1KB / 1KB
2026-03-02T21:22:22.623Z INFO  - 4f4fb700ef54 Downloading 32B / 32B
2026-03-02T21:22:22.623Z INFO  - 44ae3f74e2fe Downloading 1KB / 1KB
2026-03-02T21:22:22.623Z INFO  - bfdc87311970 Downloading 3KB / 3KB
2026-03-02T21:22:22.623Z INFO  - f79c4ca4b6cc Downloading 347KB / 347KB
2026-03-02T21:22:22.623Z INFO  - 3c6fd82648a9 Downloading 1MB / 193MB
2026-03-02T21:22:22.623Z INFO  - 291bf06076f7 Verifying Checksum
2026-03-02T21:22:22.623Z INFO  - 291bf06076f7 Download complete
2026-03-02T21:22:22.623Z INFO  - 8ebbfed6fb44 Verifying Checksum
2026-03-02T21:22:22.623Z INFO  - 8ebbfed6fb44 Download complete
2026-03-02T21:22:22.623Z INFO  - 194a6d0bfa51 Verifying Checksum
2026-03-02T21:22:22.623Z INFO  - 194a6d0bfa51 Download complete
2026-03-02T21:22:22.623Z INFO  - 4f4fb700ef54 Verifying Checksum
2026-03-02T21:22:22.623Z INFO  - 4f4fb700ef54 Download complete
2026-03-02T21:22:22.623Z INFO  - 44ae3f74e2fe Verifying Checksum
2026-03-02T21:22:22.623Z INFO  - 44ae3f74e2fe Download complete
2026-03-02T21:22:22.623Z INFO  - bfdc87311970 Verifying Checksum
2026-03-02T21:22:22.623Z INFO  - bfdc87311970 Download complete
2026-03-02T21:22:22.623Z INFO  - f79c4ca4b6cc Verifying Checksum
2026-03-02T21:22:22.623Z INFO  - f79c4ca4b6cc Download complete
2026-03-02T21:22:22.684Z INFO  - 4e2ecf3b5226 Downloading 147KB / 1020KB
2026-03-02T21:22:22.685Z INFO  - 71bdaa4ffb8a Downloading 643KB / 6MB
2026-03-02T21:22:22.714Z INFO  - 71bdaa4ffb8a Downloading 1MB / 6MB
2026-03-02T21:22:22.733Z INFO  - 12086ac4e888 Downloading 1KB / 1KB
2026-03-02T21:22:22.735Z INFO  - 12086ac4e888 Verifying Checksum
2026-03-02T21:22:23.028Z INFO  - 5df9ab85f942 Downloading 535KB / 219MB
2026-03-02T21:22:23.106Z INFO  - 12086ac4e888 Download complete
2026-03-02T21:22:23.106Z INFO  - da542cee6e98 Downloading 723KB / 761KB
2026-03-02T21:22:23.106Z INFO  - f7436306daf8 Downloading 1MB / 60MB
2026-03-02T21:22:23.106Z INFO  - 8e44f01296e3 Downloading 568KB / 26MB
2026-03-02T21:22:23.106Z INFO  - b36da0e916e2 Downloading 3KB / 43KB
2026-03-02T21:22:23.106Z INFO  - 394bf2f8883d Downloading 3KB / 42KB
2026-03-02T21:22:23.106Z INFO  - d400aaf4cc44 Downloading 515KB / 22MB
2026-03-02T21:22:23.107Z INFO  - ca65aad4858a Downloading 1KB / 1KB
2026-03-02T21:22:23.107Z INFO  - 5df9ab85f942 Downloading 1MB / 219MB
2026-03-02T21:22:23.138Z INFO  - da542cee6e98 Verifying Checksum
2026-03-02T21:22:23.148Z INFO  - da542cee6e98 Download complete
2026-03-02T21:22:23.148Z INFO  - b36da0e916e2 Downloading 43KB / 43KB
2026-03-02T21:22:23.148Z INFO  - 394bf2f8883d Downloading 42KB / 42KB
2026-03-02T21:22:23.156Z INFO  - ca65aad4858a Verifying Checksum
2026-03-02T21:22:23.156Z INFO  - ca65aad4858a Download complete
2026-03-02T21:22:23.177Z INFO  - b36da0e916e2 Verifying Checksum
2026-03-02T21:22:23.178Z INFO  - b36da0e916e2 Download complete
2026-03-02T21:22:23.178Z INFO  - 394bf2f8883d Verifying Checksum
2026-03-02T21:22:23.178Z INFO  - 394bf2f8883d Download complete
2026-03-02T21:22:23.447Z INFO  - 84ebb4173df8 Downloading 1MB / 22MB
2026-03-02T21:22:23.447Z INFO  - 43cc945ef4b6 Downloading 767B / 767B
2026-03-02T21:22:23.447Z INFO  - 4e2ecf3b5226 Downloading 435KB / 1020KB
2026-03-02T21:22:23.447Z INFO  - 080c8964ee60 Downloading 1KB / 1KB
2026-03-02T21:22:23.447Z INFO  - c5c0b99442f8 Downloading 360B / 360B
2026-03-02T21:22:23.447Z INFO  - 56eba6764334 Downloading 964B / 964B
2026-03-02T21:22:23.527Z INFO  - 43cc945ef4b6 Verifying Checksum
2026-03-02T21:22:23.528Z INFO  - 43cc945ef4b6 Download complete
2026-03-02T21:22:23.528Z INFO  - 080c8964ee60 Verifying Checksum
2026-03-02T21:22:23.528Z INFO  - 080c8964ee60 Download complete
2026-03-02T21:22:23.528Z INFO  - c5c0b99442f8 Verifying Checksum
2026-03-02T21:22:23.528Z INFO  - c5c0b99442f8 Download complete
2026-03-02T21:22:23.528Z INFO  - 56eba6764334 Verifying Checksum
2026-03-02T21:22:23.528Z INFO  - 56eba6764334 Download complete
2026-03-02T21:22:23.700Z INFO  - 84ebb4173df8 Downloading 2MB / 22MB
2026-03-02T21:22:23.701Z INFO  - d400aaf4cc44 Downloading 1MB / 22MB
2026-03-02T21:22:23.801Z INFO  - 5df9ab85f942 Downloading 1MB / 219MB
2026-03-02T21:22:23.841Z INFO  - f7436306daf8 Downloading 2MB / 60MB
2026-03-02T21:22:23.900Z INFO  - 71bdaa4ffb8a Downloading 2MB / 6MB
2026-03-02T21:22:24.464Z INFO  - f7436306daf8 Downloading 3MB / 60MB
2026-03-02T21:22:24.564Z INFO  - 4e2ecf3b5226 Downloading 723KB / 1020KB
2026-03-02T21:22:24.564Z INFO  - d400aaf4cc44 Downloading 2MB / 22MB
2026-03-02T21:22:24.564Z INFO  - 5df9ab85f942 Downloading 2MB / 219MB
2026-03-02T21:22:24.564Z INFO  - 4e2ecf3b5226 Verifying Checksum
2026-03-02T21:22:24.564Z INFO  - 4e2ecf3b5226 Download complete
2026-03-02T21:22:25.027Z INFO  - f7436306daf8 Downloading 5MB / 60MB
2026-03-02T21:22:25.159Z INFO  - 8e44f01296e3 Downloading 1MB / 26MB
2026-03-02T21:22:25.649Z INFO  - d400aaf4cc44 Downloading 2MB / 22MB
2026-03-02T21:22:25.670Z INFO  - 84ebb4173df8 Downloading 4MB / 22MB
2026-03-02T21:22:26.202Z INFO  - 71bdaa4ffb8a Downloading 2MB / 6MB
2026-03-02T21:22:26.202Z INFO  - d400aaf4cc44 Downloading 3MB / 22MB
2026-03-02T21:22:26.275Z INFO  - 84ebb4173df8 Downloading 4MB / 22MB
2026-03-02T21:22:26.345Z INFO  - 8e44f01296e3 Downloading 2MB / 26MB
2026-03-02T21:22:26.939Z INFO  - d400aaf4cc44 Downloading 3MB / 22MB
2026-03-02T21:22:27.108Z INFO  - 3c6fd82648a9 Downloading 4MB / 193MB
2026-03-02T21:22:27.218Z INFO  - 71bdaa4ffb8a Downloading 3MB / 6MB
2026-03-02T21:22:27.299Z INFO  - 84ebb4173df8 Downloading 5MB / 22MB
2026-03-02T21:22:27.300Z INFO  - 84ebb4173df8 Downloading 6MB / 22MB
2026-03-02T21:22:27.813Z INFO  - 3c6fd82648a9 Downloading 4MB / 193MB
2026-03-02T21:22:27.963Z INFO  - 8e44f01296e3 Downloading 3MB / 26MB
2026-03-02T21:22:27.965Z INFO  - f7436306daf8 Downloading 6MB / 60MB
2026-03-02T21:22:28.698Z INFO  - 3c6fd82648a9 Downloading 5MB / 193MB
2026-03-02T21:22:28.718Z INFO  - d400aaf4cc44 Downloading 5MB / 22MB
2026-03-02T21:22:28.719Z INFO  - 84ebb4173df8 Downloading 7MB / 22MB
2026-03-02T21:22:28.826Z INFO  - 8e44f01296e3 Downloading 3MB / 26MB
2026-03-02T21:22:29.291Z INFO  - 71bdaa4ffb8a Downloading 5MB / 6MB
2026-03-02T21:22:29.782Z INFO  - 71bdaa4ffb8a Downloading 5MB / 6MB
2026-03-02T21:22:29.935Z INFO  - 84ebb4173df8 Downloading 8MB / 22MB
2026-03-02T21:22:29.995Z INFO  - 8e44f01296e3 Downloading 4MB / 26MB
2026-03-02T21:22:30.918Z INFO  - f7436306daf8 Downloading 8MB / 60MB
2026-03-02T21:22:31.091Z INFO  - 8e44f01296e3 Downloading 5MB / 26MB
2026-03-02T21:22:31.119Z INFO  - d400aaf4cc44 Downloading 6MB / 22MB
2026-03-02T21:22:31.222Z INFO  - 71bdaa4ffb8a Verifying Checksum
2026-03-02T21:22:31.222Z INFO  - 71bdaa4ffb8a Download complete
2026-03-02T21:22:31.844Z INFO  - 5df9ab85f942 Downloading 4MB / 219MB
2026-03-02T21:22:33.180Z INFO  - f7436306daf8 Downloading 9MB / 60MB
2026-03-02T21:22:33.181Z INFO  - 5df9ab85f942 Downloading 5MB / 219MB
2026-03-02T21:22:33.182Z INFO  - 8e44f01296e3 Downloading 7MB / 26MB
2026-03-02T21:22:33.996Z INFO  - 3c6fd82648a9 Downloading 7MB / 193MB
2026-03-02T21:22:34.046Z INFO  - 84ebb4173df8 Downloading 9MB / 22MB
2026-03-02T21:22:34.086Z INFO  - 5df9ab85f942 Downloading 5MB / 219MB
2026-03-02T21:22:34.138Z INFO  - d400aaf4cc44 Downloading 8MB / 22MB
2026-03-02T21:22:34.881Z INFO  - 8e44f01296e3 Downloading 7MB / 26MB
2026-03-02T21:22:34.881Z INFO  - 3c6fd82648a9 Downloading 8MB / 193MB
2026-03-02T21:22:34.903Z INFO  - d400aaf4cc44 Downloading 9MB / 22MB
2026-03-02T21:22:35.031Z INFO  - 84ebb4173df8 Downloading 10MB / 22MB
2026-03-02T21:22:35.083Z INFO  - 3c6fd82648a9 Downloading 9MB / 193MB
2026-03-02T21:22:35.091Z INFO  - 84ebb4173df8 Downloading 10MB / 22MB
2026-03-02T21:22:35.364Z INFO  - f7436306daf8 Downloading 12MB / 60MB
2026-03-02T21:22:35.403Z INFO  - 84ebb4173df8 Downloading 11MB / 22MB
2026-03-02T21:22:35.575Z INFO  - 8e44f01296e3 Downloading 9MB / 26MB
2026-03-02T21:22:36.048Z INFO  - 84ebb4173df8 Downloading 11MB / 22MB
2026-03-02T21:22:36.048Z INFO  - 5df9ab85f942 Downloading 9MB / 219MB
2026-03-02T21:22:36.048Z INFO  - f7436306daf8 Downloading 13MB / 60MB
2026-03-02T21:22:36.049Z INFO  - d3348af14fdc Download complete
2026-03-02T21:22:36.049Z INFO  - 3c6fd82648a9 Downloading 11MB / 193MB
2026-03-02T21:22:36.651Z INFO  - 84ebb4173df8 Downloading 12MB / 22MB
2026-03-02T21:22:36.751Z INFO  - 5df9ab85f942 Downloading 9MB / 219MB
2026-03-02T21:22:36.801Z INFO  - 8e44f01296e3 Downloading 10MB / 26MB
2026-03-02T21:22:36.852Z INFO  - c505e436da9b Downloading 421B / 421B
2026-03-02T21:22:36.853Z INFO  - 3c6fd82648a9 Downloading 12MB / 193MB
2026-03-02T21:22:36.853Z INFO  - 84ebb4173df8 Downloading 12MB / 22MB
2026-03-02T21:22:36.882Z INFO  - d400aaf4cc44 Downloading 13MB / 22MB
2026-03-02T21:22:36.882Z INFO  - c505e436da9b Verifying Checksum
2026-03-02T21:22:36.882Z INFO  - c505e436da9b Download complete
2026-03-02T21:22:37.375Z INFO  - 84ebb4173df8 Downloading 13MB / 22MB
2026-03-02T21:22:37.375Z INFO  - 3c6fd82648a9 Downloading 12MB / 193MB
2026-03-02T21:22:37.455Z INFO  - 8e44f01296e3 Downloading 11MB / 26MB
2026-03-02T21:22:37.455Z INFO  - 5df9ab85f942 Downloading 10MB / 219MB
2026-03-02T21:22:37.577Z INFO  - 8e44f01296e3 Downloading 12MB / 26MB
2026-03-02T21:22:37.798Z INFO  - f7436306daf8 Downloading 14MB / 60MB
2026-03-02T21:22:37.819Z INFO  - 3c6fd82648a9 Downloading 13MB / 193MB
2026-03-02T21:22:37.827Z INFO  - d400aaf4cc44 Downloading 16MB / 22MB
2026-03-02T21:22:37.827Z INFO  - 8e44f01296e3 Downloading 12MB / 26MB
2026-03-02T21:22:38.037Z INFO  - d400aaf4cc44 Downloading 16MB / 22MB
2026-03-02T21:22:38.050Z INFO  - f7436306daf8 Downloading 15MB / 60MB
2026-03-02T21:22:38.050Z INFO  - 0567c6094ddd Downloading 1KB / 1KB
2026-03-02T21:22:38.078Z INFO  - 0567c6094ddd Verifying Checksum
2026-03-02T21:22:38.078Z INFO  - 0567c6094ddd Download complete
2026-03-02T21:22:38.309Z INFO  - f7436306daf8 Downloading 16MB / 60MB
2026-03-02T21:22:38.310Z INFO  - d400aaf4cc44 Downloading 17MB / 22MB
2026-03-02T21:22:38.561Z INFO  - 8e44f01296e3 Downloading 13MB / 26MB
2026-03-02T21:22:38.563Z INFO  - 84ebb4173df8 Downloading 16MB / 22MB
2026-03-02T21:22:38.601Z INFO  - d400aaf4cc44 Downloading 18MB / 22MB
2026-03-02T21:22:38.601Z INFO  - 5df9ab85f942 Downloading 13MB / 219MB
2026-03-02T21:22:38.874Z INFO  - b61067cb0514 Downloading 1KB / 1KB
2026-03-02T21:22:38.912Z INFO  - f7436306daf8 Downloading 18MB / 60MB
2026-03-02T21:22:38.922Z INFO  - b61067cb0514 Verifying Checksum
2026-03-02T21:22:38.922Z INFO  - b61067cb0514 Download complete
2026-03-02T21:22:38.964Z INFO  - d400aaf4cc44 Downloading 18MB / 22MB
2026-03-02T21:22:39.034Z INFO  - 5df9ab85f942 Downloading 13MB / 219MB
2026-03-02T21:22:39.085Z INFO  - 84ebb4173df8 Downloading 17MB / 22MB
2026-03-02T21:22:39.085Z INFO  - 3c6fd82648a9 Downloading 16MB / 193MB
2026-03-02T21:22:39.093Z INFO  - f7436306daf8 Downloading 18MB / 60MB
2026-03-02T21:22:39.287Z INFO  - 5df9ab85f942 Downloading 14MB / 219MB
2026-03-02T21:22:39.287Z INFO  - 84ebb4173df8 Downloading 17MB / 22MB
2026-03-02T21:22:39.527Z INFO  - 8e44f01296e3 Downloading 15MB / 26MB
2026-03-02T21:22:39.527Z INFO  - a79bbcb25c76 Downloading 231B / 231B
2026-03-02T21:22:39.548Z INFO  - a79bbcb25c76 Verifying Checksum
2026-03-02T21:22:39.548Z INFO  - a79bbcb25c76 Download complete
2026-03-02T21:22:39.728Z INFO  - 84ebb4173df8 Downloading 19MB / 22MB
2026-03-02T21:22:39.729Z INFO  - 8e44f01296e3 Downloading 16MB / 26MB
2026-03-02T21:22:39.729Z INFO  - d400aaf4cc44 Downloading 20MB / 22MB
2026-03-02T21:22:39.860Z INFO  - f7436306daf8 Downloading 20MB / 60MB
2026-03-02T21:22:40.140Z INFO  - 84ebb4173df8 Downloading 19MB / 22MB
2026-03-02T21:22:40.151Z INFO  - f7436306daf8 Downloading 21MB / 60MB
2026-03-02T21:22:40.190Z INFO  - d400aaf4cc44 Downloading 21MB / 22MB
2026-03-02T21:22:40.191Z INFO  - 8bef8cec6ff5 Downloading 400B / 400B
2026-03-02T21:22:40.192Z INFO  - 8bef8cec6ff5 Verifying Checksum
2026-03-02T21:22:40.199Z INFO  - 8bef8cec6ff5 Download complete
2026-03-02T21:22:40.543Z INFO  - 3c6fd82648a9 Downloading 20MB / 193MB
2026-03-02T21:22:40.595Z INFO  - d400aaf4cc44 Downloading 22MB / 22MB
2026-03-02T21:22:40.643Z INFO  - 5df9ab85f942 Downloading 18MB / 219MB
2026-03-02T21:22:40.643Z INFO  - d400aaf4cc44 Verifying Checksum
2026-03-02T21:22:40.643Z INFO  - d400aaf4cc44 Download complete
2026-03-02T21:22:40.686Z INFO  - 5df9ab85f942 Downloading 19MB / 219MB
2026-03-02T21:22:40.866Z INFO  - 3c6fd82648a9 Downloading 21MB / 193MB
2026-03-02T21:22:40.884Z INFO  - eb3a49eac22f Downloading 399B / 399B
2026-03-02T21:22:40.884Z INFO  - 9f64542c6d4f Downloading 273B / 273B
2026-03-02T21:22:40.884Z INFO  - 84ebb4173df8 Verifying Checksum
2026-03-02T21:22:40.884Z INFO  - 84ebb4173df8 Download complete
2026-03-02T21:22:40.884Z INFO  - eb3a49eac22f Verifying Checksum
2026-03-02T21:22:40.884Z INFO  - eb3a49eac22f Download complete
2026-03-02T21:22:40.884Z INFO  - 9f64542c6d4f Verifying Checksum
2026-03-02T21:22:40.884Z INFO  - 9f64542c6d4f Download complete
2026-03-02T21:22:41.027Z INFO  - 5df9ab85f942 Downloading 19MB / 219MB
2026-03-02T21:22:41.036Z INFO  - 16c11afca3a1 Downloading 270B / 270B
2026-03-02T21:22:41.037Z INFO  - 16c11afca3a1 Verifying Checksum
2026-03-02T21:22:41.037Z INFO  - 16c11afca3a1 Download complete
2026-03-02T21:22:41.178Z INFO  - f7436306daf8 Downloading 23MB / 60MB
2026-03-02T21:22:41.217Z INFO  - f7436306daf8 Downloading 24MB / 60MB
2026-03-02T21:22:41.359Z INFO  - 2e2af73b10ed Downloading 133B / 133B
2026-03-02T21:22:41.378Z INFO  - 2e2af73b10ed Verifying Checksum
2026-03-02T21:22:41.378Z INFO  - 2e2af73b10ed Download complete
2026-03-02T21:22:41.550Z INFO  - 3c6fd82648a9 Downloading 23MB / 193MB
2026-03-02T21:22:41.559Z INFO  - 8e44f01296e3 Downloading 19MB / 26MB
2026-03-02T21:22:41.721Z INFO  - 8e44f01296e3 Downloading 20MB / 26MB
2026-03-02T21:22:41.739Z INFO  - 3c6fd82648a9 Downloading 24MB / 193MB
2026-03-02T21:22:41.970Z INFO  - 8e44f01296e3 Downloading 21MB / 26MB
2026-03-02T21:22:41.971Z INFO  - 5df9ab85f942 Downloading 22MB / 219MB
2026-03-02T21:22:42.847Z INFO  - f7436306daf8 Downloading 26MB / 60MB
2026-03-02T21:22:42.937Z INFO  - 5df9ab85f942 Downloading 23MB / 219MB
2026-03-02T21:22:43.217Z INFO  - 5df9ab85f942 Downloading 23MB / 219MB
2026-03-02T21:22:43.478Z INFO  - 8e44f01296e3 Downloading 23MB / 26MB
2026-03-02T21:22:43.600Z INFO  - f7436306daf8 Downloading 28MB / 60MB
2026-03-02T21:22:43.600Z INFO  - 3c6fd82648a9 Downloading 28MB / 193MB
2026-03-02T21:22:43.882Z INFO  - 5df9ab85f942 Downloading 26MB / 219MB
2026-03-02T21:22:43.931Z INFO  - 8e44f01296e3 Downloading 24MB / 26MB
2026-03-02T21:22:43.932Z INFO  - 8e44f01296e3 Downloading 25MB / 26MB
2026-03-02T21:22:44.072Z INFO  - 5df9ab85f942 Downloading 27MB / 219MB
2026-03-02T21:22:44.073Z INFO  - 8e44f01296e3 Downloading 26MB / 26MB
2026-03-02T21:22:44.124Z INFO  - f7436306daf8 Downloading 30MB / 60MB
2026-03-02T21:22:44.133Z INFO  - 8e44f01296e3 Verifying Checksum
2026-03-02T21:22:44.133Z INFO  - 8e44f01296e3 Download complete
2026-03-02T21:22:44.345Z INFO  - 5df9ab85f942 Downloading 28MB / 219MB
2026-03-02T21:22:44.625Z INFO  - f7436306daf8 Downloading 31MB / 60MB
2026-03-02T21:22:44.715Z INFO  - 3c6fd82648a9 Downloading 31MB / 193MB
2026-03-02T21:22:45.170Z INFO  - 3c6fd82648a9 Downloading 31MB / 193MB
2026-03-02T21:22:45.409Z INFO  - f7436306daf8 Downloading 32MB / 60MB
2026-03-02T21:22:45.413Z INFO  - 3c6fd82648a9 Downloading 32MB / 193MB
2026-03-02T21:22:45.470Z INFO  - 5df9ab85f942 Downloading 30MB / 219MB
2026-03-02T21:22:45.842Z INFO  - 3c6fd82648a9 Downloading 35MB / 193MB
2026-03-02T21:22:46.123Z INFO  - 3c6fd82648a9 Downloading 35MB / 193MB
2026-03-02T21:22:46.165Z INFO  - 8e44f01296e3 Extracting 576KB / 26MB
2026-03-02T21:22:46.375Z INFO  - f7436306daf8 Downloading 35MB / 60MB
2026-03-02T21:22:46.376Z INFO  - 3c6fd82648a9 Downloading 36MB / 193MB
2026-03-02T21:22:46.847Z INFO  - f7436306daf8 Downloading 37MB / 60MB
2026-03-02T21:22:46.858Z INFO  - 3c6fd82648a9 Downloading 39MB / 193MB
2026-03-02T21:22:46.869Z INFO  - 8e44f01296e3 Extracting 1MB / 26MB
2026-03-02T21:22:47.019Z INFO  - f7436306daf8 Downloading 38MB / 60MB
2026-03-02T21:22:47.020Z INFO  - 5df9ab85f942 Downloading 35MB / 219MB
2026-03-02T21:22:47.031Z INFO  - 3c6fd82648a9 Downloading 40MB / 193MB
2026-03-02T21:22:47.221Z INFO  - 5df9ab85f942 Downloading 36MB / 219MB
2026-03-02T21:22:47.432Z INFO  - 5df9ab85f942 Downloading 36MB / 219MB
2026-03-02T21:22:47.433Z INFO  - f7436306daf8 Downloading 39MB / 60MB
2026-03-02T21:22:47.551Z INFO  - 3c6fd82648a9 Downloading 43MB / 193MB
2026-03-02T21:22:47.551Z INFO  - 8e44f01296e3 Extracting 1MB / 26MB
2026-03-02T21:22:47.682Z INFO  - 5df9ab85f942 Downloading 37MB / 219MB
2026-03-02T21:22:47.712Z INFO  - 3c6fd82648a9 Downloading 44MB / 193MB
2026-03-02T21:22:47.865Z INFO  - 8e44f01296e3 Extracting 2MB / 26MB
2026-03-02T21:22:48.308Z INFO  - 8e44f01296e3 Extracting 2MB / 26MB
2026-03-02T21:22:48.519Z INFO  - 8e44f01296e3 Extracting 3MB / 26MB
2026-03-02T21:22:48.568Z INFO  - 3c6fd82648a9 Downloading 47MB / 193MB
2026-03-02T21:22:48.829Z INFO  - f7436306daf8 Downloading 42MB / 60MB
2026-03-02T21:22:48.839Z INFO  - 5df9ab85f942 Downloading 39MB / 219MB
2026-03-02T21:22:48.839Z INFO  - 3c6fd82648a9 Downloading 47MB / 193MB
2026-03-02T21:22:49.011Z INFO  - 5df9ab85f942 Downloading 40MB / 219MB
2026-03-02T21:22:49.011Z INFO  - 3c6fd82648a9 Downloading 48MB / 193MB
2026-03-02T21:22:49.211Z INFO  - 8e44f01296e3 Extracting 3MB / 26MB
2026-03-02T21:22:49.211Z INFO  - 5df9ab85f942 Downloading 40MB / 219MB
2026-03-02T21:22:49.794Z INFO  - f7436306daf8 Downloading 46MB / 60MB
2026-03-02T21:22:49.946Z INFO  - 3c6fd82648a9 Downloading 50MB / 193MB
2026-03-02T21:22:49.996Z INFO  - 8e44f01296e3 Extracting 4MB / 26MB
2026-03-02T21:22:50.399Z INFO  - 5df9ab85f942 Downloading 44MB / 219MB
2026-03-02T21:22:50.410Z INFO  - 3c6fd82648a9 Downloading 52MB / 193MB
2026-03-02T21:22:50.690Z INFO  - 5df9ab85f942 Downloading 45MB / 219MB
2026-03-02T21:22:50.719Z INFO  - 8e44f01296e3 Extracting 5MB / 26MB
2026-03-02T21:22:51.484Z INFO  - 5df9ab85f942 Downloading 48MB / 219MB
2026-03-02T21:22:51.526Z INFO  - 5df9ab85f942 Downloading 50MB / 219MB
2026-03-02T21:22:51.665Z INFO  - f7436306daf8 Downloading 50MB / 60MB
2026-03-02T21:22:51.967Z INFO  - f7436306daf8 Downloading 52MB / 60MB
2026-03-02T21:22:51.986Z INFO  - 3c6fd82648a9 Downloading 54MB / 193MB
2026-03-02T21:22:52.027Z INFO  - 8e44f01296e3 Extracting 6MB / 26MB
2026-03-02T21:22:52.249Z INFO  - 3c6fd82648a9 Downloading 55MB / 193MB
2026-03-02T21:22:52.249Z INFO  - 5df9ab85f942 Downloading 53MB / 219MB
2026-03-02T21:22:52.359Z INFO  - 5df9ab85f942 Downloading 54MB / 219MB
2026-03-02T21:22:52.378Z INFO  - f7436306daf8 Downloading 54MB / 60MB
2026-03-02T21:22:52.529Z INFO  - 8e44f01296e3 Extracting 6MB / 26MB
2026-03-02T21:22:52.610Z INFO  - f7436306daf8 Downloading 55MB / 60MB
2026-03-02T21:22:53.145Z INFO  - f7436306daf8 Downloading 56MB / 60MB
2026-03-02T21:22:53.152Z INFO  - 3c6fd82648a9 Downloading 58MB / 193MB
2026-03-02T21:22:53.165Z INFO  - 5df9ab85f942 Downloading 57MB / 219MB
2026-03-02T21:22:53.174Z INFO  - 3c6fd82648a9 Downloading 58MB / 193MB
2026-03-02T21:22:53.254Z INFO  - f7436306daf8 Downloading 57MB / 60MB
2026-03-02T21:22:53.255Z INFO  - 5df9ab85f942 Downloading 58MB / 219MB
2026-03-02T21:22:53.295Z INFO  - 3c6fd82648a9 Downloading 60MB / 193MB
2026-03-02T21:22:53.496Z INFO  - 5df9ab85f942 Downloading 58MB / 219MB
2026-03-02T21:22:53.497Z INFO  - 8e44f01296e3 Extracting 7MB / 26MB
2026-03-02T21:22:53.626Z INFO  - f7436306daf8 Downloading 59MB / 60MB
2026-03-02T21:22:53.738Z INFO  - f7436306daf8 Verifying Checksum
2026-03-02T21:22:53.738Z INFO  - f7436306daf8 Download complete
2026-03-02T21:22:53.917Z INFO  - 5df9ab85f942 Downloading 61MB / 219MB
2026-03-02T21:22:53.917Z INFO  - 3c6fd82648a9 Downloading 62MB / 193MB
2026-03-02T21:22:54.048Z INFO  - 3c6fd82648a9 Downloading 63MB / 193MB
2026-03-02T21:22:55.163Z INFO  - 8e44f01296e3 Extracting 8MB / 26MB
2026-03-02T21:22:55.164Z INFO  - 5df9ab85f942 Downloading 62MB / 219MB
2026-03-02T21:22:55.164Z INFO  - 3c6fd82648a9 Downloading 63MB / 193MB
2026-03-02T21:22:55.164Z INFO  - 8e44f01296e3 Extracting 8MB / 26MB
2026-03-02T21:22:55.716Z INFO  - 5df9ab85f942 Downloading 65MB / 219MB
2026-03-02T21:22:55.717Z INFO  - 3c6fd82648a9 Downloading 66MB / 193MB
2026-03-02T21:22:55.717Z INFO  - 5df9ab85f942 Downloading 66MB / 219MB
2026-03-02T21:22:55.717Z INFO  - 8e44f01296e3 Extracting 9MB / 26MB
2026-03-02T21:22:55.717Z INFO  - 3c6fd82648a9 Downloading 66MB / 193MB
2026-03-02T21:22:55.749Z INFO  - 5df9ab85f942 Downloading 67MB / 219MB
2026-03-02T21:22:55.910Z INFO  - 8e44f01296e3 Extracting 9MB / 26MB
2026-03-02T21:22:56.181Z INFO  - 3c6fd82648a9 Downloading 70MB / 193MB
2026-03-02T21:22:56.352Z INFO  - 5df9ab85f942 Downloading 70MB / 219MB
2026-03-02T21:22:56.401Z INFO  - 3c6fd82648a9 Downloading 70MB / 193MB
2026-03-02T21:22:56.462Z INFO  - 5df9ab85f942 Downloading 71MB / 219MB
2026-03-02T21:22:56.472Z INFO  - 8e44f01296e3 Extracting 10MB / 26MB
2026-03-02T21:22:56.662Z INFO  - 5df9ab85f942 Downloading 71MB / 219MB
2026-03-02T21:22:56.714Z INFO  - 3c6fd82648a9 Downloading 71MB / 193MB
2026-03-02T21:22:57.075Z INFO  - 5df9ab85f942 Downloading 72MB / 219MB
2026-03-02T21:22:57.187Z INFO  - 8e44f01296e3 Extracting 10MB / 26MB
2026-03-02T21:22:57.367Z INFO  - 3c6fd82648a9 Downloading 73MB / 193MB
2026-03-02T21:22:57.649Z INFO  - 3c6fd82648a9 Downloading 74MB / 193MB
2026-03-02T21:22:57.841Z INFO  - 3c6fd82648a9 Downloading 75MB / 193MB
2026-03-02T21:22:58.041Z INFO  - 8e44f01296e3 Extracting 12MB / 26MB
2026-03-02T21:22:58.494Z INFO  - 3c6fd82648a9 Downloading 78MB / 193MB
2026-03-02T21:22:58.915Z INFO  - 8e44f01296e3 Extracting 14MB / 26MB
2026-03-02T21:22:59.156Z INFO  - 5df9ab85f942 Downloading 80MB / 219MB
2026-03-02T21:22:59.259Z INFO  - 8e44f01296e3 Extracting 15MB / 26MB
2026-03-02T21:22:59.268Z INFO  - 3c6fd82648a9 Downloading 81MB / 193MB
2026-03-02T21:22:59.427Z INFO  - 5df9ab85f942 Downloading 83MB / 219MB
2026-03-02T21:22:59.568Z INFO  - 5df9ab85f942 Downloading 84MB / 219MB
2026-03-02T21:22:59.811Z INFO  - 5df9ab85f942 Downloading 85MB / 219MB
2026-03-02T21:23:00.693Z INFO  - 8e44f01296e3 Extracting 15MB / 26MB
2026-03-02T21:23:00.693Z INFO  - 5df9ab85f942 Downloading 88MB / 219MB
2026-03-02T21:23:00.693Z INFO  - 5df9ab85f942 Downloading 89MB / 219MB
2026-03-02T21:23:00.693Z INFO  - 8e44f01296e3 Extracting 16MB / 26MB
2026-03-02T21:23:00.694Z INFO  - 3c6fd82648a9 Downloading 89MB / 193MB
2026-03-02T21:23:00.755Z INFO  - 5df9ab85f942 Downloading 92MB / 219MB
2026-03-02T21:23:00.847Z INFO  - 5df9ab85f942 Downloading 92MB / 219MB
2026-03-02T21:23:00.945Z INFO  - 3c6fd82648a9 Downloading 90MB / 193MB
2026-03-02T21:23:00.945Z INFO  - 8e44f01296e3 Extracting 16MB / 26MB
2026-03-02T21:23:00.945Z INFO  - 3c6fd82648a9 Downloading 90MB / 193MB
2026-03-02T21:23:01.006Z INFO  - 5df9ab85f942 Downloading 94MB / 219MB
2026-03-02T21:23:01.257Z INFO  - 8e44f01296e3 Extracting 17MB / 26MB
2026-03-02T21:23:01.600Z INFO  - 3c6fd82648a9 Downloading 94MB / 193MB
2026-03-02T21:23:01.670Z INFO  - 3c6fd82648a9 Downloading 94MB / 193MB
2026-03-02T21:23:01.762Z INFO  - 5df9ab85f942 Downloading 97MB / 219MB
2026-03-02T21:23:02.172Z INFO  - 8e44f01296e3 Extracting 18MB / 26MB
2026-03-02T21:23:02.182Z INFO  - 5df9ab85f942 Downloading 97MB / 219MB
2026-03-02T21:23:02.908Z INFO  - 8e44f01296e3 Extracting 19MB / 26MB
2026-03-02T21:23:03.047Z INFO  - 3c6fd82648a9 Downloading 98MB / 193MB
2026-03-02T21:23:03.118Z INFO  - 5df9ab85f942 Downloading 101MB / 219MB
2026-03-02T21:23:03.320Z INFO  - 5df9ab85f942 Downloading 102MB / 219MB
2026-03-02T21:23:03.460Z INFO  - 8e44f01296e3 Extracting 19MB / 26MB
2026-03-02T21:23:03.520Z INFO  - 3c6fd82648a9 Downloading 101MB / 193MB
2026-03-02T21:23:03.691Z INFO  - 8e44f01296e3 Extracting 20MB / 26MB
2026-03-02T21:23:04.186Z INFO  - 5df9ab85f942 Downloading 106MB / 219MB
2026-03-02T21:23:04.214Z INFO  - 8e44f01296e3 Extracting 21MB / 26MB
2026-03-02T21:23:04.638Z INFO  - 5df9ab85f942 Downloading 109MB / 219MB
2026-03-02T21:23:04.757Z INFO  - 5df9ab85f942 Downloading 111MB / 219MB
2026-03-02T21:23:04.818Z INFO  - 3c6fd82648a9 Downloading 109MB / 193MB
2026-03-02T21:23:04.857Z INFO  - 8e44f01296e3 Extracting 22MB / 26MB
2026-03-02T21:23:05.322Z INFO  - 3c6fd82648a9 Downloading 110MB / 193MB
2026-03-02T21:23:05.322Z INFO  - 5df9ab85f942 Downloading 114MB / 219MB
2026-03-02T21:23:05.571Z INFO  - 5df9ab85f942 Downloading 115MB / 219MB
2026-03-02T21:23:06.075Z INFO  - 3c6fd82648a9 Downloading 113MB / 193MB
2026-03-02T21:23:06.156Z INFO  - 5df9ab85f942 Downloading 118MB / 219MB
2026-03-02T21:23:06.226Z INFO  - 5df9ab85f942 Downloading 119MB / 219MB
2026-03-02T21:23:06.529Z INFO  - 5df9ab85f942 Downloading 120MB / 219MB
2026-03-02T21:23:06.647Z INFO  - 5df9ab85f942 Downloading 120MB / 219MB
2026-03-02T21:23:06.709Z INFO  - 3c6fd82648a9 Downloading 117MB / 193MB
2026-03-02T21:23:07.120Z INFO  - 5df9ab85f942 Downloading 123MB / 219MB
2026-03-02T21:23:07.826Z INFO  - 5df9ab85f942 Downloading 124MB / 219MB
2026-03-02T21:23:07.927Z INFO  - 8e44f01296e3 Extracting 22MB / 26MB
2026-03-02T21:23:07.965Z INFO  - 3c6fd82648a9 Downloading 121MB / 193MB
2026-03-02T21:23:08.177Z INFO  - 3c6fd82648a9 Downloading 121MB / 193MB
2026-03-02T21:23:08.470Z INFO  - 5df9ab85f942 Downloading 127MB / 219MB
2026-03-02T21:23:08.630Z INFO  - 8e44f01296e3 Extracting 23MB / 26MB
2026-03-02T21:23:08.712Z INFO  - 5df9ab85f942 Downloading 128MB / 219MB
2026-03-02T21:23:08.893Z INFO  - 5df9ab85f942 Downloading 129MB / 219MB
2026-03-02T21:23:08.902Z INFO  - 3c6fd82648a9 Downloading 124MB / 193MB
2026-03-02T21:23:09.053Z INFO  - 8e44f01296e3 Extracting 23MB / 26MB
2026-03-02T21:23:09.094Z INFO  - 3c6fd82648a9 Downloading 125MB / 193MB
2026-03-02T21:23:09.365Z INFO  - 3c6fd82648a9 Downloading 128MB / 193MB
2026-03-02T21:23:09.383Z INFO  - 8e44f01296e3 Extracting 24MB / 26MB
2026-03-02T21:23:09.383Z INFO  - 5df9ab85f942 Downloading 132MB / 219MB
2026-03-02T21:23:09.483Z INFO  - 3c6fd82648a9 Downloading 129MB / 193MB
2026-03-02T21:23:09.785Z INFO  - 8e44f01296e3 Extracting 25MB / 26MB
2026-03-02T21:23:09.958Z INFO  - 3c6fd82648a9 Downloading 133MB / 193MB
2026-03-02T21:23:09.958Z INFO  - 5df9ab85f942 Downloading 136MB / 219MB
2026-03-02T21:23:10.086Z INFO  - 5df9ab85f942 Downloading 137MB / 219MB
2026-03-02T21:23:10.117Z INFO  - 8e44f01296e3 Extracting 25MB / 26MB
2026-03-02T21:23:10.227Z INFO  - 5df9ab85f942 Downloading 138MB / 219MB
2026-03-02T21:23:10.277Z INFO  - 3c6fd82648a9 Downloading 135MB / 193MB
2026-03-02T21:23:10.361Z INFO  - 3c6fd82648a9 Downloading 136MB / 193MB
2026-03-02T21:23:10.470Z INFO  - 3c6fd82648a9 Downloading 137MB / 193MB
2026-03-02T21:23:10.661Z INFO  - 5df9ab85f942 Downloading 141MB / 219MB
2026-03-02T21:23:10.771Z INFO  - 5df9ab85f942 Downloading 145MB / 219MB
2026-03-02T21:23:10.881Z INFO  - 5df9ab85f942 Downloading 145MB / 219MB
2026-03-02T21:23:10.994Z INFO  - 5df9ab85f942 Downloading 146MB / 219MB
2026-03-02T21:23:11.143Z INFO  - 3c6fd82648a9 Downloading 140MB / 193MB
2026-03-02T21:23:11.185Z INFO  - 3c6fd82648a9 Downloading 141MB / 193MB
2026-03-02T21:23:11.618Z INFO  - 5df9ab85f942 Downloading 149MB / 219MB
2026-03-02T21:23:11.767Z INFO  - 5df9ab85f942 Downloading 149MB / 219MB
2026-03-02T21:23:11.848Z INFO  - 5df9ab85f942 Downloading 150MB / 219MB
2026-03-02T21:23:11.959Z INFO  - 8e44f01296e3 Extracting 25MB / 26MB
2026-03-02T21:23:12.020Z INFO  - 3c6fd82648a9 Downloading 143MB / 193MB
2026-03-02T21:23:12.300Z INFO  - 5df9ab85f942 Downloading 151MB / 219MB
2026-03-02T21:23:12.333Z INFO  - 3c6fd82648a9 Downloading 144MB / 193MB
2026-03-02T21:23:12.613Z INFO  - 5df9ab85f942 Downloading 154MB / 219MB
2026-03-02T21:23:12.934Z INFO  - 3c6fd82648a9 Downloading 147MB / 193MB
2026-03-02T21:23:13.106Z INFO  - 5df9ab85f942 Downloading 155MB / 219MB
2026-03-02T21:23:13.198Z INFO  - 3c6fd82648a9 Downloading 148MB / 193MB
2026-03-02T21:23:13.227Z INFO  - 5df9ab85f942 Downloading 155MB / 219MB
2026-03-02T21:23:13.386Z INFO  - 8e44f01296e3 Extracting 26MB / 26MB
2026-03-02T21:23:14.032Z INFO  - 3c6fd82648a9 Downloading 151MB / 193MB
2026-03-02T21:23:14.073Z INFO  - 5df9ab85f942 Downloading 158MB / 219MB
2026-03-02T21:23:14.302Z INFO  - 3c6fd82648a9 Downloading 152MB / 193MB
2026-03-02T21:23:14.312Z INFO  - 5df9ab85f942 Downloading 159MB / 219MB
2026-03-02T21:23:14.857Z INFO  - 5df9ab85f942 Downloading 163MB / 219MB
2026-03-02T21:23:14.988Z INFO  - 5df9ab85f942 Downloading 164MB / 219MB
2026-03-02T21:23:15.108Z INFO  - 8e44f01296e3 Extracting 26MB / 26MB
2026-03-02T21:23:15.118Z INFO  - 3c6fd82648a9 Downloading 156MB / 193MB
2026-03-02T21:23:15.210Z INFO  - 8e44f01296e3 Pull complete
2026-03-02T21:23:15.471Z INFO  - 5df9ab85f942 Downloading 166MB / 219MB
2026-03-02T21:23:15.612Z INFO  - 5df9ab85f942 Downloading 167MB / 219MB
2026-03-02T21:23:15.620Z INFO  - 3c6fd82648a9 Downloading 159MB / 193MB
2026-03-02T21:23:15.630Z INFO  - 1839f14167bb Extracting 32KB / 39KB
2026-03-02T21:23:15.743Z INFO  - 5df9ab85f942 Downloading 168MB / 219MB
2026-03-02T21:23:15.773Z INFO  - 3c6fd82648a9 Downloading 160MB / 193MB
2026-03-02T21:23:16.094Z INFO  - 1839f14167bb Extracting 39KB / 39KB
2026-03-02T21:23:16.376Z INFO  - 1839f14167bb Extracting 39KB / 39KB
2026-03-02T21:23:16.667Z INFO  - 3c6fd82648a9 Downloading 163MB / 193MB
2026-03-02T21:23:16.667Z INFO  - 5df9ab85f942 Downloading 171MB / 219MB
2026-03-02T21:23:16.697Z INFO  - 1839f14167bb Pull complete
2026-03-02T21:23:16.736Z INFO  - 3c6fd82648a9 Downloading 164MB / 193MB
2026-03-02T21:23:17.139Z INFO  - 3c6fd82648a9 Downloading 166MB / 193MB
2026-03-02T21:23:17.251Z INFO  - 5df9ab85f942 Downloading 175MB / 219MB
2026-03-02T21:23:17.251Z INFO  - 3c6fd82648a9 Downloading 167MB / 193MB
2026-03-02T21:23:17.331Z INFO  - 5df9ab85f942 Downloading 176MB / 219MB
2026-03-02T21:23:17.682Z INFO  - 3c6fd82648a9 Downloading 171MB / 193MB
2026-03-02T21:23:17.855Z INFO  - 5df9ab85f942 Downloading 180MB / 219MB
2026-03-02T21:23:17.955Z INFO  - 5df9ab85f942 Downloading 181MB / 219MB
2026-03-02T21:23:17.984Z INFO  - 3c6fd82648a9 Downloading 175MB / 193MB
2026-03-02T21:23:18.204Z INFO  - 3c6fd82648a9 Downloading 178MB / 193MB
2026-03-02T21:23:18.207Z INFO  - 5df9ab85f942 Downloading 184MB / 219MB
2026-03-02T21:23:18.397Z INFO  - 3c6fd82648a9 Downloading 180MB / 193MB
2026-03-02T21:23:18.449Z INFO  - 5df9ab85f942 Downloading 185MB / 219MB
2026-03-02T21:23:18.929Z INFO  - 3c6fd82648a9 Downloading 183MB / 193MB
2026-03-02T21:23:18.951Z INFO  - 5df9ab85f942 Downloading 189MB / 219MB
2026-03-02T21:23:19.062Z INFO  - 5df9ab85f942 Downloading 189MB / 219MB
2026-03-02T21:23:19.282Z INFO  - 3c6fd82648a9 Downloading 186MB / 193MB
2026-03-02T21:23:19.493Z INFO  - 3c6fd82648a9 Downloading 187MB / 193MB
2026-03-02T21:23:19.574Z INFO  - 5df9ab85f942 Downloading 193MB / 219MB
2026-03-02T21:23:19.675Z INFO  - 5df9ab85f942 Downloading 194MB / 219MB
2026-03-02T21:23:19.937Z INFO  - 3c6fd82648a9 Downloading 190MB / 193MB
2026-03-02T21:23:19.967Z INFO  - 5df9ab85f942 Downloading 197MB / 219MB
2026-03-02T21:23:20.058Z INFO  - 3c6fd82648a9 Downloading 191MB / 193MB
2026-03-02T21:23:20.178Z INFO  - 3c6fd82648a9 Verifying Checksum
2026-03-02T21:23:20.179Z INFO  - 3c6fd82648a9 Download complete
2026-03-02T21:23:20.398Z INFO  - 5df9ab85f942 Downloading 203MB / 219MB
2026-03-02T21:23:20.599Z INFO  - 5df9ab85f942 Downloading 206MB / 219MB
2026-03-02T21:23:20.852Z INFO  - 5df9ab85f942 Downloading 211MB / 219MB
2026-03-02T21:23:21.636Z INFO  - 5df9ab85f942 Verifying Checksum
2026-03-02T21:23:21.636Z INFO  - 5df9ab85f942 Download complete
2026-03-02T21:23:22.302Z INFO  - 5df9ab85f942 Extracting 1MB / 219MB
2026-03-02T21:23:22.721Z INFO  - 5df9ab85f942 Extracting 4MB / 219MB
2026-03-02T21:23:23.569Z INFO  - 5df9ab85f942 Extracting 5MB / 219MB
2026-03-02T21:23:25.108Z INFO  - 5df9ab85f942 Extracting 9MB / 219MB
2026-03-02T21:23:25.762Z INFO  - 5df9ab85f942 Extracting 9MB / 219MB
2026-03-02T21:23:25.790Z INFO  - 5df9ab85f942 Extracting 10MB / 219MB
2026-03-02T21:23:26.293Z INFO  - 5df9ab85f942 Extracting 10MB / 219MB
2026-03-02T21:23:27.029Z INFO  - 5df9ab85f942 Extracting 13MB / 219MB
2026-03-02T21:23:27.037Z INFO  - 5df9ab85f942 Extracting 14MB / 219MB
2026-03-02T21:23:27.652Z INFO  - 5df9ab85f942 Extracting 18MB / 219MB
2026-03-02T21:23:28.970Z INFO  - 5df9ab85f942 Extracting 18MB / 219MB
2026-03-02T21:23:29.654Z INFO  - 5df9ab85f942 Extracting 19MB / 219MB
2026-03-02T21:23:30.548Z INFO  - 5df9ab85f942 Extracting 19MB / 219MB
2026-03-02T21:23:32.951Z INFO  - 5df9ab85f942 Extracting 22MB / 219MB
2026-03-02T21:23:33.111Z INFO  - 5df9ab85f942 Extracting 22MB / 219MB
2026-03-02T21:23:34.551Z INFO  - 5df9ab85f942 Extracting 27MB / 219MB
2026-03-02T21:23:35.263Z INFO  - 5df9ab85f942 Extracting 30MB / 219MB
2026-03-02T21:23:35.264Z INFO  - 5df9ab85f942 Extracting 31MB / 219MB
2026-03-02T21:23:35.827Z INFO  - 5df9ab85f942 Extracting 31MB / 219MB
2026-03-02T21:23:36.048Z INFO  - 5df9ab85f942 Extracting 32MB / 219MB
2026-03-02T21:23:39.600Z INFO  - 5df9ab85f942 Extracting 35MB / 219MB
2026-03-02T21:23:40.585Z INFO  - 5df9ab85f942 Extracting 37MB / 219MB
2026-03-02T21:23:42.154Z INFO  - 5df9ab85f942 Extracting 40MB / 219MB
2026-03-02T21:23:42.678Z INFO  - 5df9ab85f942 Extracting 41MB / 219MB
2026-03-02T21:23:43.642Z INFO  - 5df9ab85f942 Extracting 44MB / 219MB
2026-03-02T21:23:45.111Z INFO  - 5df9ab85f942 Extracting 48MB / 219MB
2026-03-02T21:23:45.341Z INFO  - 5df9ab85f942 Extracting 48MB / 219MB
2026-03-02T21:23:49.103Z INFO  - 5df9ab85f942 Extracting 49MB / 219MB
2026-03-02T21:23:49.473Z INFO  - 5df9ab85f942 Extracting 49MB / 219MB
2026-03-02T21:23:49.724Z INFO  - 5df9ab85f942 Extracting 50MB / 219MB
2026-03-02T21:23:50.810Z INFO  - 5df9ab85f942 Extracting 53MB / 219MB
2026-03-02T21:23:51.273Z INFO  - 5df9ab85f942 Extracting 54MB / 219MB
2026-03-02T21:23:52.380Z INFO  - 5df9ab85f942 Extracting 57MB / 219MB
2026-03-02T21:23:53.585Z INFO  - 5df9ab85f942 Extracting 62MB / 219MB
2026-03-02T21:23:53.588Z INFO  - 5df9ab85f942 Extracting 62MB / 219MB
2026-03-02T21:23:55.779Z INFO  - 5df9ab85f942 Extracting 66MB / 219MB
2026-03-02T21:23:55.838Z INFO  - 5df9ab85f942 Extracting 68MB / 219MB
2026-03-02T21:23:57.369Z INFO  - 5df9ab85f942 Extracting 71MB / 219MB
2026-03-02T21:23:58.543Z INFO  - 5df9ab85f942 Extracting 75MB / 219MB
2026-03-02T21:23:59.519Z INFO  - 5df9ab85f942 Extracting 79MB / 219MB
2026-03-02T21:24:00.264Z INFO  - 5df9ab85f942 Extracting 80MB / 219MB
2026-03-02T21:24:00.997Z INFO  - 5df9ab85f942 Extracting 84MB / 219MB
2026-03-02T21:24:00.998Z INFO  - 5df9ab85f942 Extracting 85MB / 219MB
2026-03-02T21:24:01.289Z INFO  - 5df9ab85f942 Extracting 85MB / 219MB
2026-03-02T21:24:03.130Z INFO  - 5df9ab85f942 Extracting 88MB / 219MB
2026-03-02T21:24:03.643Z INFO  - 5df9ab85f942 Extracting 88MB / 219MB
2026-03-02T21:24:04.346Z INFO  - 5df9ab85f942 Extracting 89MB / 219MB
2026-03-02T21:24:05.684Z INFO  - 5df9ab85f942 Extracting 92MB / 219MB
2026-03-02T21:24:06.218Z INFO  - 5df9ab85f942 Extracting 96MB / 219MB
2026-03-02T21:24:06.218Z INFO  - 5df9ab85f942 Extracting 97MB / 219MB
2026-03-02T21:24:06.984Z INFO  - 5df9ab85f942 Extracting 101MB / 219MB
2026-03-02T21:24:08.239Z INFO  - 5df9ab85f942 Extracting 105MB / 219MB
2026-03-02T21:24:08.631Z INFO  - 5df9ab85f942 Extracting 106MB / 219MB
2026-03-02T21:24:09.867Z INFO  - 5df9ab85f942 Extracting 109MB / 219MB
2026-03-02T21:24:10.180Z INFO  - 5df9ab85f942 Extracting 111MB / 219MB
2026-03-02T21:24:10.832Z INFO  - 5df9ab85f942 Extracting 114MB / 219MB
2026-03-02T21:24:11.095Z INFO  - 5df9ab85f942 Extracting 115MB / 219MB
2026-03-02T21:24:12.313Z INFO  - 5df9ab85f942 Extracting 119MB / 219MB
2026-03-02T21:24:12.846Z INFO  - 5df9ab85f942 Extracting 123MB / 219MB
2026-03-02T21:24:13.429Z INFO  - 5df9ab85f942 Extracting 127MB / 219MB
2026-03-02T21:24:13.539Z INFO  - 5df9ab85f942 Extracting 129MB / 219MB
2026-03-02T21:24:14.182Z INFO  - 5df9ab85f942 Extracting 131MB / 219MB
2026-03-02T21:24:14.525Z INFO  - 5df9ab85f942 Extracting 132MB / 219MB
2026-03-02T21:24:14.897Z INFO  - 5df9ab85f942 Extracting 132MB / 219MB
2026-03-02T21:24:15.550Z INFO  - 5df9ab85f942 Extracting 137MB / 219MB
2026-03-02T21:24:15.832Z INFO  - 5df9ab85f942 Extracting 140MB / 219MB
2026-03-02T21:24:16.394Z INFO  - 5df9ab85f942 Extracting 142MB / 219MB
2026-03-02T21:24:17.047Z INFO  - 5df9ab85f942 Extracting 146MB / 219MB
2026-03-02T21:24:17.921Z INFO  - 5df9ab85f942 Extracting 149MB / 219MB
2026-03-02T21:24:18.346Z INFO  - 5df9ab85f942 Extracting 154MB / 219MB
2026-03-02T21:24:18.346Z INFO  - 5df9ab85f942 Extracting 154MB / 219MB
2026-03-02T21:24:19.140Z INFO  - 5df9ab85f942 Extracting 158MB / 219MB
2026-03-02T21:24:19.774Z INFO  - 5df9ab85f942 Extracting 163MB / 219MB
2026-03-02T21:24:19.965Z INFO  - 5df9ab85f942 Extracting 166MB / 219MB
2026-03-02T21:24:20.447Z INFO  - 5df9ab85f942 Extracting 168MB / 219MB
2026-03-02T21:24:20.840Z INFO  - 5df9ab85f942 Extracting 172MB / 219MB
2026-03-02T21:24:20.840Z INFO  - 5df9ab85f942 Extracting 173MB / 219MB
2026-03-02T21:24:21.463Z INFO  - 5df9ab85f942 Extracting 175MB / 219MB
2026-03-02T21:24:21.463Z INFO  - 5df9ab85f942 Extracting 176MB / 219MB
2026-03-02T21:24:22.307Z INFO  - 5df9ab85f942 Extracting 181MB / 219MB
2026-03-02T21:24:22.889Z INFO  - 5df9ab85f942 Extracting 185MB / 219MB
2026-03-02T21:24:22.889Z INFO  - 5df9ab85f942 Extracting 186MB / 219MB
2026-03-02T21:24:23.653Z INFO  - 5df9ab85f942 Extracting 190MB / 219MB
2026-03-02T21:24:24.126Z INFO  - 5df9ab85f942 Extracting 193MB / 219MB
2026-03-02T21:24:24.127Z INFO  - 5df9ab85f942 Extracting 194MB / 219MB
2026-03-02T21:24:24.248Z INFO  - 5df9ab85f942 Extracting 194MB / 219MB
2026-03-02T21:24:26.349Z INFO  - 5df9ab85f942 Extracting 197MB / 219MB
2026-03-02T21:24:27.353Z INFO  - 5df9ab85f942 Extracting 198MB / 219MB
2026-03-02T21:24:27.353Z INFO  - 5df9ab85f942 Extracting 199MB / 219MB
2026-03-02T21:24:29.286Z INFO  - 5df9ab85f942 Extracting 202MB / 219MB
2026-03-02T21:24:29.677Z INFO  - 5df9ab85f942 Extracting 204MB / 219MB
2026-03-02T21:24:30.372Z INFO  - 5df9ab85f942 Extracting 207MB / 219MB
2026-03-02T21:24:31.326Z INFO  - 5df9ab85f942 Extracting 210MB / 219MB
2026-03-02T21:24:32.633Z INFO  - 5df9ab85f942 Extracting 215MB / 219MB
2026-03-02T21:24:32.633Z INFO  - 5df9ab85f942 Extracting 216MB / 219MB
2026-03-02T21:24:34.153Z INFO  - 5df9ab85f942 Extracting 219MB / 219MB
2026-03-02T21:24:35.349Z INFO  - 5df9ab85f942 Pull complete
2026-03-02T21:24:35.460Z INFO  - 3c6fd82648a9 Extracting 1MB / 193MB
2026-03-02T21:24:35.843Z INFO  - 3c6fd82648a9 Extracting 7MB / 193MB
2026-03-02T21:24:36.395Z INFO  - 3c6fd82648a9 Extracting 12MB / 193MB
2026-03-02T21:24:37.271Z INFO  - 3c6fd82648a9 Extracting 16MB / 193MB
2026-03-02T21:24:37.272Z INFO  - 3c6fd82648a9 Extracting 17MB / 193MB
2026-03-02T21:24:39.945Z INFO  - 3c6fd82648a9 Extracting 39MB / 193MB
2026-03-02T21:24:41.002Z INFO  - 3c6fd82648a9 Extracting 43MB / 193MB
2026-03-02T21:24:41.002Z INFO  - 3c6fd82648a9 Extracting 44MB / 193MB
2026-03-02T21:24:41.764Z INFO  - 3c6fd82648a9 Extracting 46MB / 193MB
2026-03-02T21:24:42.088Z INFO  - 3c6fd82648a9 Extracting 50MB / 193MB
2026-03-02T21:24:42.803Z INFO  - 3c6fd82648a9 Extracting 55MB / 193MB
2026-03-02T21:24:43.194Z INFO  - 3c6fd82648a9 Extracting 58MB / 193MB
2026-03-02T21:24:43.627Z INFO  - 3c6fd82648a9 Extracting 60MB / 193MB
2026-03-02T21:24:44.150Z INFO  - 3c6fd82648a9 Extracting 63MB / 193MB
2026-03-02T21:24:44.322Z INFO  - 3c6fd82648a9 Extracting 66MB / 193MB
2026-03-02T21:24:44.551Z INFO  - 3c6fd82648a9 Extracting 70MB / 193MB
2026-03-02T21:24:44.552Z INFO  - 3c6fd82648a9 Extracting 71MB / 193MB
2026-03-02T21:24:46.172Z INFO  - 3c6fd82648a9 Extracting 82MB / 193MB
2026-03-02T21:24:46.494Z INFO  - 3c6fd82648a9 Extracting 86MB / 193MB
2026-03-02T21:24:47.731Z INFO  - 3c6fd82648a9 Extracting 97MB / 193MB
2026-03-02T21:24:48.101Z INFO  - 3c6fd82648a9 Extracting 100MB / 193MB
2026-03-02T21:24:49.167Z INFO  - 3c6fd82648a9 Extracting 109MB / 193MB
2026-03-02T21:24:50.084Z INFO  - 3c6fd82648a9 Extracting 112MB / 193MB
2026-03-02T21:24:51.250Z INFO  - 3c6fd82648a9 Extracting 116MB / 193MB
2026-03-02T21:24:51.572Z INFO  - 3c6fd82648a9 Extracting 117MB / 193MB
2026-03-02T21:24:52.768Z INFO  - 3c6fd82648a9 Extracting 120MB / 193MB
2026-03-02T21:24:53.966Z INFO  - 3c6fd82648a9 Extracting 124MB / 193MB
2026-03-02T21:24:54.247Z INFO  - 3c6fd82648a9 Extracting 125MB / 193MB
2026-03-02T21:24:54.458Z INFO  - 3c6fd82648a9 Extracting 128MB / 193MB
2026-03-02T21:24:55.102Z INFO  - 3c6fd82648a9 Extracting 129MB / 193MB
2026-03-02T21:24:56.418Z INFO  - 3c6fd82648a9 Extracting 132MB / 193MB
2026-03-02T21:24:56.510Z INFO  - 3c6fd82648a9 Extracting 133MB / 193MB
2026-03-02T21:24:56.730Z INFO  - 3c6fd82648a9 Extracting 136MB / 193MB
2026-03-02T21:24:56.823Z INFO  - 3c6fd82648a9 Extracting 137MB / 193MB
2026-03-02T21:24:57.062Z INFO  - 3c6fd82648a9 Extracting 139MB / 193MB
2026-03-02T21:24:57.202Z INFO  - 3c6fd82648a9 Extracting 141MB / 193MB
2026-03-02T21:24:57.755Z INFO  - 3c6fd82648a9 Extracting 148MB / 193MB
2026-03-02T21:24:57.756Z INFO  - 3c6fd82648a9 Extracting 148MB / 193MB
2026-03-02T21:24:59.898Z INFO  - 3c6fd82648a9 Extracting 156MB / 193MB
2026-03-02T21:25:00.633Z INFO  - 3c6fd82648a9 Extracting 159MB / 193MB
2026-03-02T21:25:01.106Z INFO  - 3c6fd82648a9 Extracting 163MB / 193MB
2026-03-02T21:25:01.114Z INFO  - 3c6fd82648a9 Extracting 163MB / 193MB
2026-03-02T21:25:01.296Z INFO  - 3c6fd82648a9 Extracting 166MB / 193MB
2026-03-02T21:25:01.386Z INFO  - 3c6fd82648a9 Extracting 167MB / 193MB
2026-03-02T21:25:01.770Z INFO  - 3c6fd82648a9 Extracting 171MB / 193MB
2026-03-02T21:25:01.958Z INFO  - 3c6fd82648a9 Extracting 172MB / 193MB
2026-03-02T21:25:03.096Z INFO  - 3c6fd82648a9 Extracting 174MB / 193MB
2026-03-02T21:25:03.699Z INFO  - 3c6fd82648a9 Extracting 178MB / 193MB
2026-03-02T21:25:04.091Z INFO  - 3c6fd82648a9 Extracting 182MB / 193MB
2026-03-02T21:25:04.886Z INFO  - 3c6fd82648a9 Extracting 187MB / 193MB
2026-03-02T21:25:05.339Z INFO  - 3c6fd82648a9 Extracting 187MB / 193MB
2026-03-02T21:25:06.383Z INFO  - 3c6fd82648a9 Extracting 191MB / 193MB
2026-03-02T21:25:06.485Z INFO  - 3c6fd82648a9 Extracting 191MB / 193MB
2026-03-02T21:25:06.979Z INFO  - 3c6fd82648a9 Extracting 193MB / 193MB
2026-03-02T21:25:07.088Z INFO  - 3c6fd82648a9 Pull complete
2026-03-02T21:25:09.482Z INFO  - f7436306daf8 Extracting 2MB / 60MB
2026-03-02T21:25:09.791Z INFO  - f7436306daf8 Extracting 3MB / 60MB
2026-03-02T21:25:10.398Z INFO  - f7436306daf8 Extracting 6MB / 60MB
2026-03-02T21:25:10.870Z INFO  - f7436306daf8 Extracting 7MB / 60MB
2026-03-02T21:25:11.996Z INFO  - f7436306daf8 Extracting 8MB / 60MB
2026-03-02T21:25:13.172Z INFO  - f7436306daf8 Extracting 12MB / 60MB
2026-03-02T21:25:13.495Z INFO  - f7436306daf8 Extracting 13MB / 60MB
2026-03-02T21:25:13.937Z INFO  - f7436306daf8 Extracting 15MB / 60MB
2026-03-02T21:25:14.428Z INFO  - f7436306daf8 Extracting 17MB / 60MB
2026-03-02T21:25:15.114Z INFO  - f7436306daf8 Extracting 18MB / 60MB
2026-03-02T21:25:15.875Z INFO  - f7436306daf8 Extracting 21MB / 60MB
2026-03-02T21:25:17.103Z INFO  - f7436306daf8 Extracting 25MB / 60MB
2026-03-02T21:25:18.162Z INFO  - f7436306daf8 Extracting 31MB / 60MB
2026-03-02T21:25:18.652Z INFO  - f7436306daf8 Extracting 32MB / 60MB
2026-03-02T21:25:19.529Z INFO  - f7436306daf8 Extracting 36MB / 60MB
2026-03-02T21:25:19.920Z INFO  - f7436306daf8 Extracting 37MB / 60MB
2026-03-02T21:25:20.703Z INFO  - f7436306daf8 Extracting 40MB / 60MB
2026-03-02T21:25:20.866Z INFO  - f7436306daf8 Extracting 41MB / 60MB
2026-03-02T21:25:22.214Z INFO  - f7436306daf8 Extracting 43MB / 60MB
2026-03-02T21:25:23.331Z INFO  - f7436306daf8 Extracting 48MB / 60MB
2026-03-02T21:25:24.940Z INFO  - f7436306daf8 Extracting 58MB / 60MB
2026-03-02T21:25:25.051Z INFO  - f7436306daf8 Extracting 59MB / 60MB
2026-03-02T21:25:25.200Z INFO  - f7436306daf8 Extracting 60MB / 60MB
2026-03-02T21:25:25.612Z INFO  - f7436306daf8 Pull complete
2026-03-02T21:25:25.684Z INFO  - 0af27227f67c Extracting 131B / 131B
2026-03-02T21:25:25.725Z INFO  - 0af27227f67c Extracting 131B / 131B
2026-03-02T21:25:25.816Z INFO  - 0af27227f67c Pull complete
2026-03-02T21:25:25.935Z INFO  - 291bf06076f7 Extracting 32KB / 213KB
2026-03-02T21:25:26.006Z INFO  - 291bf06076f7 Extracting 213KB / 213KB
2026-03-02T21:25:26.014Z INFO  - 291bf06076f7 Extracting 213KB / 213KB
2026-03-02T21:25:26.067Z INFO  - 291bf06076f7 Pull complete
2026-03-02T21:25:26.088Z INFO  - f67700692125 Extracting 2KB / 2KB
2026-03-02T21:25:26.260Z INFO  - f67700692125 Extracting 2KB / 2KB
2026-03-02T21:25:26.389Z INFO  - f67700692125 Pull complete
2026-03-02T21:25:26.651Z INFO  - f79c4ca4b6cc Extracting 64KB / 347KB
2026-03-02T21:25:26.839Z INFO  - f79c4ca4b6cc Extracting 288KB / 347KB
2026-03-02T21:25:26.891Z INFO  - f79c4ca4b6cc Extracting 347KB / 347KB
2026-03-02T21:25:26.930Z INFO  - f79c4ca4b6cc Pull complete
2026-03-02T21:25:26.942Z INFO  - 3722c1c74e62 Extracting 188B / 188B
2026-03-02T21:25:26.961Z INFO  - 3722c1c74e62 Extracting 188B / 188B
2026-03-02T21:25:26.980Z INFO  - 3722c1c74e62 Pull complete
2026-03-02T21:25:27.524Z INFO  - 71bdaa4ffb8a Extracting 6MB / 6MB
2026-03-02T21:25:27.618Z INFO  - 71bdaa4ffb8a Pull complete
2026-03-02T21:25:27.699Z INFO  - da542cee6e98 Extracting 32KB / 761KB
2026-03-02T21:25:27.787Z INFO  - da542cee6e98 Extracting 640KB / 761KB
2026-03-02T21:25:27.808Z INFO  - da542cee6e98 Extracting 761KB / 761KB
2026-03-02T21:25:27.918Z INFO  - da542cee6e98 Pull complete
2026-03-02T21:25:28.150Z INFO  - 4e2ecf3b5226 Extracting 640KB / 1020KB
2026-03-02T21:25:28.723Z INFO  - 4e2ecf3b5226 Extracting 1020KB / 1020KB
2026-03-02T21:25:28.815Z INFO  - 4e2ecf3b5226 Pull complete
2026-03-02T21:25:30.544Z INFO  - 84ebb4173df8 Extracting 4MB / 22MB
2026-03-02T21:25:30.836Z INFO  - 84ebb4173df8 Extracting 5MB / 22MB
2026-03-02T21:25:31.067Z INFO  - 84ebb4173df8 Extracting 6MB / 22MB
2026-03-02T21:25:32.081Z INFO  - 84ebb4173df8 Extracting 9MB / 22MB
2026-03-02T21:25:33.883Z INFO  - 84ebb4173df8 Extracting 13MB / 22MB
2026-03-02T21:25:34.245Z INFO  - 84ebb4173df8 Extracting 13MB / 22MB
2026-03-02T21:25:35.431Z INFO  - 84ebb4173df8 Extracting 15MB / 22MB
2026-03-02T21:25:35.510Z INFO  - 84ebb4173df8 Extracting 16MB / 22MB
2026-03-02T21:25:36.184Z INFO  - 84ebb4173df8 Extracting 19MB / 22MB
2026-03-02T21:25:36.526Z INFO  - 84ebb4173df8 Extracting 20MB / 22MB
2026-03-02T21:25:39.645Z INFO  - 84ebb4173df8 Extracting 20MB / 22MB
2026-03-02T21:25:42.109Z INFO  - 84ebb4173df8 Extracting 21MB / 22MB
2026-03-02T21:25:42.431Z INFO  - 84ebb4173df8 Extracting 21MB / 22MB
2026-03-02T21:25:43.013Z INFO  - 84ebb4173df8 Extracting 22MB / 22MB
2026-03-02T21:25:43.106Z INFO  - 84ebb4173df8 Pull complete
2026-03-02T21:25:43.124Z INFO  - 44ae3f74e2fe Extracting 1KB / 1KB
2026-03-02T21:25:43.176Z INFO  - 44ae3f74e2fe Extracting 1KB / 1KB
2026-03-02T21:25:43.355Z INFO  - 44ae3f74e2fe Pull complete
2026-03-02T21:25:43.367Z INFO  - 194a6d0bfa51 Extracting 1KB / 1KB
2026-03-02T21:25:43.407Z INFO  - 194a6d0bfa51 Extracting 1KB / 1KB
2026-03-02T21:25:43.486Z INFO  - 194a6d0bfa51 Pull complete
2026-03-02T21:25:43.528Z INFO  - 4f4fb700ef54 Extracting 32B / 32B
2026-03-02T21:25:43.587Z INFO  - 4f4fb700ef54 Extracting 32B / 32B
2026-03-02T21:25:43.666Z INFO  - 4f4fb700ef54 Pull complete
2026-03-02T21:25:43.698Z INFO  - bfdc87311970 Extracting 3KB / 3KB
2026-03-02T21:25:43.739Z INFO  - bfdc87311970 Extracting 3KB / 3KB
2026-03-02T21:25:43.810Z INFO  - bfdc87311970 Pull complete
2026-03-02T21:25:44.342Z INFO  - d400aaf4cc44 Extracting 1MB / 22MB
2026-03-02T21:25:44.685Z INFO  - d400aaf4cc44 Extracting 2MB / 22MB
2026-03-02T21:25:45.026Z INFO  - d400aaf4cc44 Extracting 2MB / 22MB
2026-03-02T21:25:46.063Z INFO  - d400aaf4cc44 Extracting 4MB / 22MB
2026-03-02T21:25:46.999Z INFO  - d400aaf4cc44 Extracting 6MB / 22MB
2026-03-02T21:25:47.955Z INFO  - d400aaf4cc44 Extracting 9MB / 22MB
2026-03-02T21:25:48.266Z INFO  - d400aaf4cc44 Extracting 9MB / 22MB
2026-03-02T21:25:48.898Z INFO  - d400aaf4cc44 Extracting 11MB / 22MB
2026-03-02T21:25:49.142Z INFO  - d400aaf4cc44 Extracting 17MB / 22MB
2026-03-02T21:25:49.621Z INFO  - d400aaf4cc44 Extracting 21MB / 22MB
2026-03-02T21:25:49.644Z INFO  - d400aaf4cc44 Extracting 22MB / 22MB
2026-03-02T21:25:49.677Z INFO  - d400aaf4cc44 Pull complete
2026-03-02T21:25:49.685Z INFO  - 8ebbfed6fb44 Extracting 847B / 847B
2026-03-02T21:25:49.795Z INFO  - 8ebbfed6fb44 Extracting 847B / 847B
2026-03-02T21:25:50.055Z INFO  - 8ebbfed6fb44 Pull complete
2026-03-02T21:25:50.077Z INFO  - 394bf2f8883d Extracting 32KB / 42KB
2026-03-02T21:25:50.106Z INFO  - 394bf2f8883d Extracting 42KB / 42KB
2026-03-02T21:25:50.138Z INFO  - 394bf2f8883d Pull complete
2026-03-02T21:25:50.217Z INFO  - b36da0e916e2 Extracting 43KB / 43KB
2026-03-02T21:25:50.226Z INFO  - b36da0e916e2 Extracting 43KB / 43KB
2026-03-02T21:25:50.274Z INFO  - b36da0e916e2 Pull complete
2026-03-02T21:25:50.329Z INFO  - ca65aad4858a Extracting 1KB / 1KB
2026-03-02T21:25:50.489Z INFO  - ca65aad4858a Extracting 1KB / 1KB
2026-03-02T21:25:50.510Z INFO  - ca65aad4858a Pull complete
2026-03-02T21:25:50.522Z INFO  - 12086ac4e888 Extracting 1KB / 1KB
2026-03-02T21:25:50.553Z INFO  - 12086ac4e888 Extracting 1KB / 1KB
2026-03-02T21:25:50.662Z INFO  - 12086ac4e888 Pull complete
2026-03-02T21:25:50.674Z INFO  - 43cc945ef4b6 Extracting 767B / 767B
2026-03-02T21:25:50.743Z INFO  - 43cc945ef4b6 Extracting 767B / 767B
2026-03-02T21:25:50.757Z INFO  - 43cc945ef4b6 Pull complete
2026-03-02T21:25:50.803Z INFO  - c5c0b99442f8 Extracting 360B / 360B
2026-03-02T21:25:50.863Z INFO  - c5c0b99442f8 Extracting 360B / 360B
2026-03-02T21:25:50.936Z INFO  - c5c0b99442f8 Pull complete
2026-03-02T21:25:50.955Z INFO  - 56eba6764334 Extracting 964B / 964B
2026-03-02T21:25:51.007Z INFO  - 56eba6764334 Extracting 964B / 964B
2026-03-02T21:25:51.600Z INFO  - 56eba6764334 Pull complete
2026-03-02T21:25:51.621Z INFO  - 080c8964ee60 Extracting 1KB / 1KB
2026-03-02T21:25:51.650Z INFO  - 080c8964ee60 Extracting 1KB / 1KB
2026-03-02T21:25:51.769Z INFO  - 080c8964ee60 Pull complete
2026-03-02T21:25:51.810Z INFO  - d3348af14fdc Extracting 125B / 125B
2026-03-02T21:25:51.859Z INFO  - d3348af14fdc Extracting 125B / 125B
2026-03-02T21:25:51.953Z INFO  - d3348af14fdc Pull complete
2026-03-02T21:25:51.991Z INFO  - c505e436da9b Extracting 421B / 421B
2026-03-02T21:25:52.011Z INFO  - c505e436da9b Extracting 421B / 421B
2026-03-02T21:25:52.072Z INFO  - c505e436da9b Pull complete
2026-03-02T21:25:52.112Z INFO  - 0567c6094ddd Extracting 1KB / 1KB
2026-03-02T21:25:52.142Z INFO  - 0567c6094ddd Extracting 1KB / 1KB
2026-03-02T21:25:52.192Z INFO  - 0567c6094ddd Pull complete
2026-03-02T21:25:52.234Z INFO  - b61067cb0514 Extracting 1KB / 1KB
2026-03-02T21:25:52.394Z INFO  - b61067cb0514 Extracting 1KB / 1KB
2026-03-02T21:25:52.778Z INFO  - b61067cb0514 Pull complete
2026-03-02T21:25:52.798Z INFO  - a79bbcb25c76 Extracting 231B / 231B
2026-03-02T21:25:52.896Z INFO  - a79bbcb25c76 Extracting 231B / 231B
2026-03-02T21:25:52.957Z INFO  - a79bbcb25c76 Pull complete
2026-03-02T21:25:52.969Z INFO  - 8bef8cec6ff5 Extracting 400B / 400B
2026-03-02T21:25:52.990Z INFO  - 8bef8cec6ff5 Extracting 400B / 400B
2026-03-02T21:25:53.018Z INFO  - 8bef8cec6ff5 Pull complete
2026-03-02T21:25:53.028Z INFO  - eb3a49eac22f Extracting 399B / 399B
2026-03-02T21:25:53.149Z INFO  - eb3a49eac22f Extracting 399B / 399B
2026-03-02T21:25:53.188Z INFO  - eb3a49eac22f Pull complete
2026-03-02T21:25:53.209Z INFO  - 9f64542c6d4f Extracting 273B / 273B
2026-03-02T21:25:53.288Z INFO  - 9f64542c6d4f Extracting 273B / 273B
2026-03-02T21:25:53.471Z INFO  - 9f64542c6d4f Pull complete
2026-03-02T21:25:53.539Z INFO  - 16c11afca3a1 Extracting 270B / 270B
2026-03-02T21:25:53.572Z INFO  - 16c11afca3a1 Extracting 270B / 270B
2026-03-02T21:25:53.641Z INFO  - 16c11afca3a1 Pull complete
2026-03-02T21:25:53.682Z INFO  - 2e2af73b10ed Extracting 133B / 133B
2026-03-02T21:25:53.742Z INFO  - 2e2af73b10ed Extracting 133B / 133B
2026-03-02T21:25:53.793Z INFO  - 2e2af73b10ed Pull complete
2026-03-02T21:25:54.143Z INFO  -  Digest: sha256:f7dc7aa3a22b64d3e544fb5a59853f4636f1e4631261c4c2c32f8e4840974a0c
2026-03-02T21:25:54.143Z INFO  -  Status: Downloaded newer image for 10.1.0.4:13209/appsvc/dotnetcore:8.0_20260115.4.tuxprod
2026-03-02T21:25:54.751Z INFO  - Pull Image successful, Time taken: 215 Seconds
2026-03-02T21:25:59.656Z INFO  - Starting container for site
2026-03-02T21:25:59.668Z INFO  - docker run -d --expose=8080 --name ivr-dev-admin-4c5ax3aimbdsy_0_93a4e0e2 -e WEBSITE_USE_DIAGNOSTIC_SERVER=true -e WEBSITE_SITE_NAME=ivr-dev-admin-4c5ax3aimbdsy -e WEBSITE_AUTH_ENABLED=False -e WEBSITE_ROLE_INSTANCE_ID=0 -e WEBSITE_HOSTNAME=ivr-dev-admin-4c5ax3aimbdsy.azurewebsites.us -e WEBSITE_INSTANCE_ID=9190fff89a3687212f4baaa07d79a6e9f59d64ff47079f52822fd309ff9ab66e appsvc/dotnetcore:8.0_20260115.4.tuxprod 
2026-03-02T21:25:59.669Z INFO  - Logging is not enabled for this container.
Please use https://aka.ms/linux-diagnostics to enable logging to see container logs here.
2026-03-02T21:26:20.765Z INFO  - Initiating warmup request to container ivr-dev-admin-4c5ax3aimbdsy_0_93a4e0e2 for site ivr-dev-admin-4c5ax3aimbdsy
2026-03-02T21:26:44.927Z INFO  - Waiting for response to warmup request for container ivr-dev-admin-4c5ax3aimbdsy_0_93a4e0e2. Elapsed time = 24.1724811 sec
2026-03-02T21:26:50.355Z INFO  - Container ivr-dev-admin-4c5ax3aimbdsy_0_93a4e0e2 for site ivr-dev-admin-4c5ax3aimbdsy initialized successfully and is ready to serve requests.
2026-03-02T21:30:35.605Z INFO  - Starting container for site
2026-03-02T21:30:35.633Z INFO  - docker run -d --expose=8080 --name ivr-dev-admin-4c5ax3aimbdsy_1_03aa82f2 -e WEBSITE_USE_DIAGNOSTIC_SERVER=true -e WEBSITE_SITE_NAME=ivr-dev-admin-4c5ax3aimbdsy -e WEBSITE_AUTH_ENABLED=False -e WEBSITE_ROLE_INSTANCE_ID=0 -e WEBSITE_HOSTNAME=ivr-dev-admin-4c5ax3aimbdsy.azurewebsites.us -e WEBSITE_INSTANCE_ID=9190fff89a3687212f4baaa07d79a6e9f59d64ff47079f52822fd309ff9ab66e appsvc/dotnetcore:8.0_20260115.4.tuxprod 
2026-03-02T21:30:35.634Z INFO  - Logging is not enabled for this container.
Please use https://aka.ms/linux-diagnostics to enable logging to see container logs here.
2026-03-02T21:30:45.141Z INFO  - Initiating warmup request to container ivr-dev-admin-4c5ax3aimbdsy_1_03aa82f2 for site ivr-dev-admin-4c5ax3aimbdsy
2026-03-02T21:31:02.857Z INFO  - Waiting for response to warmup request for container ivr-dev-admin-4c5ax3aimbdsy_1_03aa82f2. Elapsed time = 17.6812637 sec
2026-03-02T21:31:26.041Z INFO  - Waiting for response to warmup request for container ivr-dev-admin-4c5ax3aimbdsy_1_03aa82f2. Elapsed time = 40.907686 sec
2026-03-02T21:31:35.667Z INFO  - Container ivr-dev-admin-4c5ax3aimbdsy_1_03aa82f2 for site ivr-dev-admin-4c5ax3aimbdsy initialized successfully and is ready to serve requests.
2026-03-02T21:41:15.669Z INFO  - Starting container for site
2026-03-02T21:41:15.690Z INFO  - docker run -d --expose=8080 --name ivr-dev-admin-4c5ax3aimbdsy_2_75d3c995 -e WEBSITE_USE_DIAGNOSTIC_SERVER=true -e WEBSITE_SITE_NAME=ivr-dev-admin-4c5ax3aimbdsy -e WEBSITE_AUTH_ENABLED=False -e WEBSITE_ROLE_INSTANCE_ID=0 -e WEBSITE_HOSTNAME=ivr-dev-admin-4c5ax3aimbdsy.azurewebsites.us -e WEBSITE_INSTANCE_ID=9190fff89a3687212f4baaa07d79a6e9f59d64ff47079f52822fd309ff9ab66e appsvc/dotnetcore:8.0_20260115.4.tuxprod 
2026-03-02T21:41:15.691Z INFO  - Logging is not enabled for this container.
Please use https://aka.ms/linux-diagnostics to enable logging to see container logs here.
2026-03-02T21:41:22.105Z INFO  - Initiating warmup request to container ivr-dev-admin-4c5ax3aimbdsy_2_75d3c995 for site ivr-dev-admin-4c5ax3aimbdsy
2026-03-02T21:41:41.954Z INFO  - Waiting for response to warmup request for container ivr-dev-admin-4c5ax3aimbdsy_2_75d3c995. Elapsed time = 19.8463912 sec
2026-03-02T21:42:03.664Z INFO  - Waiting for response to warmup request for container ivr-dev-admin-4c5ax3aimbdsy_2_75d3c995. Elapsed time = 41.5587075 sec
